<?xml version="1.0" encoding="UTF-8"?>
<testsuites name="Mocha Tests" time="0.0070" tests="1" failures="1">
  <testsuite name="Root Suite" timestamp="2021-07-09T07:05:52" tests="0" time="0.0000" failures="0">
  </testsuite>
  <testsuite name="Podcast" timestamp="2021-07-09T07:05:52" tests="0" file="C:\Development\Backend\Express\publictest\apptest.js" time="0.0000" failures="0">
  </testsuite>
  <testsuite name="/GET media" timestamp="2021-07-09T07:05:52" tests="1" file="C:\Development\Backend\Express\publictest\apptest.js" time="0.0070" failures="1">
    <testcase name="Podcast /GET media it should GET all the podcast" time="0.0070" classname="it should GET all the podcast">
      <failure message="1.should.be is not a function" type="TypeError"><![CDATA[TypeError: 1.should.be is not a function
    at Context.<anonymous> (apptest.js:15:24)
    at processImmediate (internal/timers.js:464:21)]]></failure>
    </testcase>
  </testsuite>
</testsuites>